2026-04-14 10:17:24 INFO  com.example.optimisticlock.OptimisticLockApplication - Starting OptimisticLockApplication using Java 17.0.17 with PID 9884 (E:\Program files\projekt\Практические задачки\optimistic-lock\target\classes started by 1 in E:\Program files\projekt\Практические задачки\optimistic-lock)
2026-04-14 10:17:24 INFO  com.example.optimisticlock.OptimisticLockApplication - No active profile set, falling back to 1 default profile: "default"
2026-04-14 10:17:25 INFO  org.springframework.data.repository.config.RepositoryConfigurationDelegate - Bootstrapping Spring Data JPA repositories in DEFAULT mode.
2026-04-14 10:17:25 INFO  org.springframework.data.repository.config.RepositoryConfigurationDelegate - Finished Spring Data repository scanning in 66 ms. Found 1 JPA repository interface.
2026-04-14 10:17:26 INFO  org.springframework.boot.web.embedded.tomcat.TomcatWebServer - Tomcat initialized with port 8080 (http)
2026-04-14 10:17:26 INFO  org.apache.catalina.core.StandardService - Starting service [Tomcat]
2026-04-14 10:17:26 INFO  org.apache.catalina.core.StandardEngine - Starting Servlet engine: [Apache Tomcat/10.1.53]
2026-04-14 10:17:26 INFO  org.apache.catalina.core.ContainerBase.[Tomcat].[localhost].[/] - Initializing Spring embedded WebApplicationContext
2026-04-14 10:17:26 INFO  org.springframework.boot.web.servlet.context.ServletWebServerApplicationContext - Root WebApplicationContext: initialization completed in 1695 ms
2026-04-14 10:17:26 INFO  com.zaxxer.hikari.HikariDataSource - HikariPool-1 - Starting...
2026-04-14 10:17:27 INFO  com.zaxxer.hikari.pool.HikariPool - HikariPool-1 - Added connection org.postgresql.jdbc.PgConnection@677ce519
2026-04-14 10:17:27 INFO  com.zaxxer.hikari.HikariDataSource - HikariPool-1 - Start completed.
2026-04-14 10:17:27 INFO  liquibase.database - Set default schema name to public
2026-04-14 10:17:27 INFO  liquibase.changelog - Reading from public.databasechangelog
2026-04-14 10:17:28 INFO  liquibase.ui - Database is up to date, no changesets to execute
2026-04-14 10:17:28 INFO  liquibase.changelog - Reading from public.databasechangelog
2026-04-14 10:17:28 INFO  liquibase.util - UPDATE SUMMARY
2026-04-14 10:17:28 INFO  liquibase.util - Run:                          0
2026-04-14 10:17:28 INFO  liquibase.util - Previously run:               2
2026-04-14 10:17:28 INFO  liquibase.util - Filtered out:                 0
2026-04-14 10:17:28 INFO  liquibase.util - -------------------------------
2026-04-14 10:17:28 INFO  liquibase.util - Total change sets:            2
2026-04-14 10:17:28 INFO  liquibase.util - Update summary generated
2026-04-14 10:17:28 INFO  liquibase.command - Command execution complete
2026-04-14 10:17:28 INFO  org.hibernate.jpa.internal.util.LogHelper - HHH000204: Processing PersistenceUnitInfo [name: default]
2026-04-14 10:17:28 INFO  org.hibernate.Version - HHH000412: Hibernate ORM core version 6.6.45.Final
2026-04-14 10:17:28 INFO  org.hibernate.cache.internal.RegionFactoryInitiator - HHH000026: Second-level cache disabled
2026-04-14 10:17:29 INFO  org.springframework.orm.jpa.persistenceunit.SpringPersistenceUnitInfo - No LoadTimeWeaver setup: ignoring JPA class transformer
2026-04-14 10:17:29 INFO  org.hibernate.orm.connections.pooling - HHH10001005: Database info:
	Database JDBC URL [Connecting through datasource 'HikariDataSource (HikariPool-1)']
	Database driver: undefined/unknown
	Database version: 15.15
	Autocommit mode: undefined/unknown
	Isolation level: undefined/unknown
	Minimum pool size: undefined/unknown
	Maximum pool size: undefined/unknown
2026-04-14 10:17:29 INFO  org.hibernate.engine.transaction.jta.platform.internal.JtaPlatformInitiator - HHH000489: No JTA platform available (set 'hibernate.transaction.jta.platform' to enable JTA platform integration)
2026-04-14 10:17:29 INFO  org.springframework.orm.jpa.LocalContainerEntityManagerFactoryBean - Initialized JPA EntityManagerFactory for persistence unit 'default'
2026-04-14 10:17:30 INFO  org.springframework.boot.web.embedded.tomcat.TomcatWebServer - Tomcat started on port 8080 (http) with context path '/'
2026-04-14 10:17:30 INFO  com.example.optimisticlock.OptimisticLockApplication - Started OptimisticLockApplication in 5.957 seconds (process running for 8.265)
2026-04-14 10:19:55 INFO  org.apache.catalina.core.ContainerBase.[Tomcat].[localhost].[/] - Initializing Spring DispatcherServlet 'dispatcherServlet'
2026-04-14 10:19:55 INFO  org.springframework.web.servlet.DispatcherServlet - Initializing Servlet 'dispatcherServlet'
2026-04-14 10:19:55 INFO  org.springframework.web.servlet.DispatcherServlet - Completed initialization in 1 ms
2026-04-14 10:21:55 INFO  org.springframework.boot.web.embedded.tomcat.GracefulShutdown - Commencing graceful shutdown. Waiting for active requests to complete
2026-04-14 10:21:55 INFO  org.springframework.boot.web.embedded.tomcat.GracefulShutdown - Graceful shutdown complete
2026-04-14 10:21:55 INFO  org.springframework.orm.jpa.LocalContainerEntityManagerFactoryBean - Closing JPA EntityManagerFactory for persistence unit 'default'
2026-04-14 10:21:55 INFO  com.zaxxer.hikari.HikariDataSource - HikariPool-1 - Shutdown initiated...
2026-04-14 10:21:55 INFO  com.zaxxer.hikari.HikariDataSource - HikariPool-1 - Shutdown completed.
2026-04-14 10:22:33 INFO  com.example.optimisticlock.OptimisticLockApplication - Starting OptimisticLockApplication using Java 17.0.17 with PID 22040 (E:\Program files\projekt\Практические задачки\optimistic-lock\target\classes started by 1 in E:\Program files\projekt\Практические задачки\optimistic-lock)
2026-04-14 10:22:33 INFO  com.example.optimisticlock.OptimisticLockApplication - No active profile set, falling back to 1 default profile: "default"
2026-04-14 10:22:34 INFO  org.springframework.data.repository.config.RepositoryConfigurationDelegate - Bootstrapping Spring Data JPA repositories in DEFAULT mode.
2026-04-14 10:22:34 INFO  org.springframework.data.repository.config.RepositoryConfigurationDelegate - Finished Spring Data repository scanning in 59 ms. Found 1 JPA repository interface.
2026-04-14 10:22:35 INFO  org.springframework.boot.web.embedded.tomcat.TomcatWebServer - Tomcat initialized with port 8080 (http)
2026-04-14 10:22:35 INFO  org.apache.catalina.core.StandardService - Starting service [Tomcat]
2026-04-14 10:22:35 INFO  org.apache.catalina.core.StandardEngine - Starting Servlet engine: [Apache Tomcat/10.1.53]
2026-04-14 10:22:35 INFO  org.apache.catalina.core.ContainerBase.[Tomcat].[localhost].[/] - Initializing Spring embedded WebApplicationContext
2026-04-14 10:22:35 INFO  org.springframework.boot.web.servlet.context.ServletWebServerApplicationContext - Root WebApplicationContext: initialization completed in 2111 ms
2026-04-14 10:22:36 INFO  com.zaxxer.hikari.HikariDataSource - HikariPool-1 - Starting...
2026-04-14 10:22:36 INFO  com.zaxxer.hikari.pool.HikariPool - HikariPool-1 - Added connection org.postgresql.jdbc.PgConnection@4601047
2026-04-14 10:22:36 INFO  com.zaxxer.hikari.HikariDataSource - HikariPool-1 - Start completed.
2026-04-14 10:22:36 INFO  liquibase.database - Set default schema name to public
2026-04-14 10:22:37 INFO  liquibase.changelog - Reading from public.databasechangelog
2026-04-14 10:22:37 INFO  liquibase.ui - Database is up to date, no changesets to execute
2026-04-14 10:22:37 INFO  liquibase.changelog - Reading from public.databasechangelog
2026-04-14 10:22:37 INFO  liquibase.util - UPDATE SUMMARY
2026-04-14 10:22:37 INFO  liquibase.util - Run:                          0
2026-04-14 10:22:37 INFO  liquibase.util - Previously run:               2
2026-04-14 10:22:37 INFO  liquibase.util - Filtered out:                 0
2026-04-14 10:22:37 INFO  liquibase.util - -------------------------------
2026-04-14 10:22:37 INFO  liquibase.util - Total change sets:            2
2026-04-14 10:22:37 INFO  liquibase.util - Update summary generated
2026-04-14 10:22:37 INFO  liquibase.command - Command execution complete
2026-04-14 10:22:37 INFO  org.hibernate.jpa.internal.util.LogHelper - HHH000204: Processing PersistenceUnitInfo [name: default]
2026-04-14 10:22:37 INFO  org.hibernate.Version - HHH000412: Hibernate ORM core version 6.6.45.Final
2026-04-14 10:22:37 INFO  org.hibernate.cache.internal.RegionFactoryInitiator - HHH000026: Second-level cache disabled
2026-04-14 10:22:37 INFO  org.springframework.orm.jpa.persistenceunit.SpringPersistenceUnitInfo - No LoadTimeWeaver setup: ignoring JPA class transformer
2026-04-14 10:22:38 INFO  org.hibernate.orm.connections.pooling - HHH10001005: Database info:
	Database JDBC URL [Connecting through datasource 'HikariDataSource (HikariPool-1)']
	Database driver: undefined/unknown
	Database version: 15.15
	Autocommit mode: undefined/unknown
	Isolation level: undefined/unknown
	Minimum pool size: undefined/unknown
	Maximum pool size: undefined/unknown
2026-04-14 10:22:38 INFO  org.hibernate.engine.transaction.jta.platform.internal.JtaPlatformInitiator - HHH000489: No JTA platform available (set 'hibernate.transaction.jta.platform' to enable JTA platform integration)
2026-04-14 10:22:38 INFO  org.springframework.orm.jpa.LocalContainerEntityManagerFactoryBean - Initialized JPA EntityManagerFactory for persistence unit 'default'
2026-04-14 10:22:39 INFO  org.springframework.boot.actuate.endpoint.web.EndpointLinksResolver - Exposing 3 endpoints beneath base path '/actuator'
2026-04-14 10:22:39 INFO  org.springframework.boot.web.embedded.tomcat.TomcatWebServer - Tomcat started on port 8080 (http) with context path '/'
2026-04-14 10:22:39 INFO  com.example.optimisticlock.OptimisticLockApplication - Started OptimisticLockApplication in 6.219 seconds (process running for 6.711)
2026-04-14 10:22:58 INFO  org.apache.catalina.core.ContainerBase.[Tomcat].[localhost].[/] - Initializing Spring DispatcherServlet 'dispatcherServlet'
2026-04-14 10:22:58 INFO  org.springframework.web.servlet.DispatcherServlet - Initializing Servlet 'dispatcherServlet'
2026-04-14 10:22:58 INFO  org.springframework.web.servlet.DispatcherServlet - Completed initialization in 0 ms
2026-04-14 11:09:39 WARN  org.springframework.data.web.config.SpringDataJacksonConfiguration$PageModule$WarningLoggingModifier - Serializing PageImpl instances as-is is not supported, meaning that there is no guarantee about the stability of the resulting JSON structure!
	For a stable JSON structure, please use Spring Data's PagedModel (globally via @EnableSpringDataWebSupport(pageSerializationMode = VIA_DTO))
	or Spring HATEOAS and Spring Data's PagedResourcesAssembler as documented in https://docs.spring.io/spring-data/commons/reference/repositories/core-extensions.html#core.web.pageables.

2026-04-14 12:45:58 WARN  com.zaxxer.hikari.pool.HikariPool - HikariPool-1 - Thread starvation or clock leap detected (housekeeper delta=21m49s796ms308µs200ns).
2026-04-14 16:15:10 WARN  com.zaxxer.hikari.pool.HikariPool - HikariPool-1 - Thread starvation or clock leap detected (housekeeper delta=1h30m10s231ms361µs600ns).
2026-04-14 22:38:14 WARN  com.zaxxer.hikari.pool.HikariPool - HikariPool-1 - Thread starvation or clock leap detected (housekeeper delta=46m57s337ms272µs400ns).
